info: Microsoft.AspNetCore.DataProtection.KeyManagement.XmlKeyManager[63]
      User profile is available. Using 'C:\Users\LENOVO\AppData\Local\ASP.NET\DataProtection-Keys' as key repository and Windows DPAPI to encrypt keys at rest.
fail: Microsoft.AspNetCore.DataProtection.XmlEncryption.DpapiXmlDecryptor[43]
      An exception occurred while trying to decrypt the element.
      System.Security.Cryptography.CryptographicException: Error occurred during a cryptographic operation.
         at Microsoft.AspNetCore.DataProtection.Cng.DpapiSecretSerializerHelper.UnprotectWithDpapiCore(Byte* pbProtectedData, UInt32 cbProtectedData, Byte* pbOptionalEntropy, UInt32 cbOptionalEntropy)
         at Microsoft.AspNetCore.DataProtection.Cng.DpapiSecretSerializerHelper.UnprotectWithDpapi(Byte[] protectedSecret)
         at Microsoft.AspNetCore.DataProtection.XmlEncryption.DpapiXmlDecryptor.Decrypt(XElement encryptedElement)
fail: Microsoft.AspNetCore.DataProtection.KeyManagement.XmlKeyManager[24]
      An exception occurred while processing the key element '<key id="f237a8cb-423a-4a53-9b79-9fa4d7f20864" version="1" />'.
      System.AggregateException: An error occurred while writing to logger(s). (Cannot open log for source '.NET Runtime'. You may not have write access.)
       ---> System.InvalidOperationException: Cannot open log for source '.NET Runtime'. You may not have write access.
       ---> System.ComponentModel.Win32Exception (5): Access is denied.
         --- End of inner exception stack trace ---
         at System.Diagnostics.EventLogInternal.OpenForWrite(String currentMachineName)
         at System.Diagnostics.EventLogInternal.InternalWriteEvent(UInt32 eventID, UInt16 category, EventLogEntryType type, String[] strings, Byte[] rawData, String currentMachineName)
         at System.Diagnostics.EventLogInternal.WriteEvent(EventInstance instance, Byte[] data, Object[] values)
         at Microsoft.Extensions.Logging.EventLog.WindowsEventLog.WriteEntry(String message, EventLogEntryType type, Int32 eventID, Int16 category)
         at Microsoft.Extensions.Logging.EventLog.EventLogLogger.WriteMessage(String message, EventLogEntryType eventLogEntryType, Int32 eventId)
         at Microsoft.Extensions.Logging.EventLog.EventLogLogger.Log[TState](LogLevel logLevel, EventId eventId, TState state, Exception exception, Func`3 formatter)
         at Microsoft.Extensions.Logging.Logger.<Log>g__LoggerLog|14_0[TState](LogLevel logLevel, EventId eventId, ILogger logger, Exception exception, Func`3 formatter, List`1& exceptions, TState& state)
         --- End of inner exception stack trace ---
         at Microsoft.Extensions.Logging.Logger.ThrowLoggingError(List`1 exceptions)
         at Microsoft.Extensions.Logging.Logger.Log[TState](LogLevel logLevel, EventId eventId, TState state, Exception exception, Func`3 formatter)
         at Microsoft.Extensions.Logging.LoggerMessage.<>c__DisplayClass8_0.<Define>g__Log|0(ILogger logger, Exception exception)
         at Microsoft.AspNetCore.DataProtection.XmlEncryption.DpapiXmlDecryptor.Decrypt(XElement encryptedElement)
         at Microsoft.AspNetCore.DataProtection.XmlEncryption.XmlEncryptionExtensions.DecryptElement(XElement element, IActivator activator)
         at Microsoft.AspNetCore.DataProtection.KeyManagement.XmlKeyManager.Microsoft.AspNetCore.DataProtection.KeyManagement.Internal.IInternalXmlKeyManager.DeserializeDescriptorFromKeyElement(XElement keyElement)
fail: Microsoft.AspNetCore.DataProtection.XmlEncryption.DpapiXmlDecryptor[43]
      An exception occurred while trying to decrypt the element.
      System.Security.Cryptography.CryptographicException: Error occurred during a cryptographic operation.
         at Microsoft.AspNetCore.DataProtection.Cng.DpapiSecretSerializerHelper.UnprotectWithDpapiCore(Byte* pbProtectedData, UInt32 cbProtectedData, Byte* pbOptionalEntropy, UInt32 cbOptionalEntropy)
         at Microsoft.AspNetCore.DataProtection.Cng.DpapiSecretSerializerHelper.UnprotectWithDpapi(Byte[] protectedSecret)
         at Microsoft.AspNetCore.DataProtection.XmlEncryption.DpapiXmlDecryptor.Decrypt(XElement encryptedElement)
fail: Microsoft.AspNetCore.DataProtection.KeyManagement.XmlKeyManager[24]
      An exception occurred while processing the key element '<key id="f237a8cb-423a-4a53-9b79-9fa4d7f20864" version="1" />'.
      System.AggregateException: An error occurred while writing to logger(s). (Cannot open log for source '.NET Runtime'. You may not have write access.)
       ---> System.InvalidOperationException: Cannot open log for source '.NET Runtime'. You may not have write access.
       ---> System.ComponentModel.Win32Exception (5): Access is denied.
         --- End of inner exception stack trace ---
         at System.Diagnostics.EventLogInternal.OpenForWrite(String currentMachineName)
         at System.Diagnostics.EventLogInternal.InternalWriteEvent(UInt32 eventID, UInt16 category, EventLogEntryType type, String[] strings, Byte[] rawData, String currentMachineName)
         at System.Diagnostics.EventLogInternal.WriteEvent(EventInstance instance, Byte[] data, Object[] values)
         at Microsoft.Extensions.Logging.EventLog.WindowsEventLog.WriteEntry(String message, EventLogEntryType type, Int32 eventID, Int16 category)
         at Microsoft.Extensions.Logging.EventLog.EventLogLogger.WriteMessage(String message, EventLogEntryType eventLogEntryType, Int32 eventId)
         at Microsoft.Extensions.Logging.EventLog.EventLogLogger.Log[TState](LogLevel logLevel, EventId eventId, TState state, Exception exception, Func`3 formatter)
         at Microsoft.Extensions.Logging.Logger.<Log>g__LoggerLog|14_0[TState](LogLevel logLevel, EventId eventId, ILogger logger, Exception exception, Func`3 formatter, List`1& exceptions, TState& state)
         --- End of inner exception stack trace ---
         at Microsoft.Extensions.Logging.Logger.ThrowLoggingError(List`1 exceptions)
         at Microsoft.Extensions.Logging.Logger.Log[TState](LogLevel logLevel, EventId eventId, TState state, Exception exception, Func`3 formatter)
         at Microsoft.Extensions.Logging.LoggerMessage.<>c__DisplayClass8_0.<Define>g__Log|0(ILogger logger, Exception exception)
         at Microsoft.AspNetCore.DataProtection.XmlEncryption.DpapiXmlDecryptor.Decrypt(XElement encryptedElement)
         at Microsoft.AspNetCore.DataProtection.XmlEncryption.XmlEncryptionExtensions.DecryptElement(XElement element, IActivator activator)
         at Microsoft.AspNetCore.DataProtection.KeyManagement.XmlKeyManager.Microsoft.AspNetCore.DataProtection.KeyManagement.Internal.IInternalXmlKeyManager.DeserializeDescriptorFromKeyElement(XElement keyElement)
fail: Microsoft.AspNetCore.DataProtection.XmlEncryption.DpapiXmlDecryptor[43]
      An exception occurred while trying to decrypt the element.
      System.Security.Cryptography.CryptographicException: Error occurred during a cryptographic operation.
         at Microsoft.AspNetCore.DataProtection.Cng.DpapiSecretSerializerHelper.UnprotectWithDpapiCore(Byte* pbProtectedData, UInt32 cbProtectedData, Byte* pbOptionalEntropy, UInt32 cbOptionalEntropy)
         at Microsoft.AspNetCore.DataProtection.Cng.DpapiSecretSerializerHelper.UnprotectWithDpapi(Byte[] protectedSecret)
         at Microsoft.AspNetCore.DataProtection.XmlEncryption.DpapiXmlDecryptor.Decrypt(XElement encryptedElement)
fail: Microsoft.AspNetCore.DataProtection.KeyManagement.XmlKeyManager[24]
      An exception occurred while processing the key element '<key id="f237a8cb-423a-4a53-9b79-9fa4d7f20864" version="1" />'.
      System.AggregateException: An error occurred while writing to logger(s). (Cannot open log for source '.NET Runtime'. You may not have write access.)
       ---> System.InvalidOperationException: Cannot open log for source '.NET Runtime'. You may not have write access.
       ---> System.ComponentModel.Win32Exception (5): Access is denied.
         --- End of inner exception stack trace ---
         at System.Diagnostics.EventLogInternal.OpenForWrite(String currentMachineName)
         at System.Diagnostics.EventLogInternal.InternalWriteEvent(UInt32 eventID, UInt16 category, EventLogEntryType type, String[] strings, Byte[] rawData, String currentMachineName)
         at System.Diagnostics.EventLogInternal.WriteEvent(EventInstance instance, Byte[] data, Object[] values)
         at Microsoft.Extensions.Logging.EventLog.WindowsEventLog.WriteEntry(String message, EventLogEntryType type, Int32 eventID, Int16 category)
         at Microsoft.Extensions.Logging.EventLog.EventLogLogger.WriteMessage(String message, EventLogEntryType eventLogEntryType, Int32 eventId)
         at Microsoft.Extensions.Logging.EventLog.EventLogLogger.Log[TState](LogLevel logLevel, EventId eventId, TState state, Exception exception, Func`3 formatter)
         at Microsoft.Extensions.Logging.Logger.<Log>g__LoggerLog|14_0[TState](LogLevel logLevel, EventId eventId, ILogger logger, Exception exception, Func`3 formatter, List`1& exceptions, TState& state)
         --- End of inner exception stack trace ---
         at Microsoft.Extensions.Logging.Logger.ThrowLoggingError(List`1 exceptions)
         at Microsoft.Extensions.Logging.Logger.Log[TState](LogLevel logLevel, EventId eventId, TState state, Exception exception, Func`3 formatter)
         at Microsoft.Extensions.Logging.LoggerMessage.<>c__DisplayClass8_0.<Define>g__Log|0(ILogger logger, Exception exception)
         at Microsoft.AspNetCore.DataProtection.XmlEncryption.DpapiXmlDecryptor.Decrypt(XElement encryptedElement)
         at Microsoft.AspNetCore.DataProtection.XmlEncryption.XmlEncryptionExtensions.DecryptElement(XElement element, IActivator activator)
         at Microsoft.AspNetCore.DataProtection.KeyManagement.XmlKeyManager.Microsoft.AspNetCore.DataProtection.KeyManagement.Internal.IInternalXmlKeyManager.DeserializeDescriptorFromKeyElement(XElement keyElement)
fail: Microsoft.AspNetCore.DataProtection.XmlEncryption.DpapiXmlDecryptor[43]
      An exception occurred while trying to decrypt the element.
      System.Security.Cryptography.CryptographicException: Error occurred during a cryptographic operation.
         at Microsoft.AspNetCore.DataProtection.Cng.DpapiSecretSerializerHelper.UnprotectWithDpapiCore(Byte* pbProtectedData, UInt32 cbProtectedData, Byte* pbOptionalEntropy, UInt32 cbOptionalEntropy)
         at Microsoft.AspNetCore.DataProtection.Cng.DpapiSecretSerializerHelper.UnprotectWithDpapi(Byte[] protectedSecret)
         at Microsoft.AspNetCore.DataProtection.XmlEncryption.DpapiXmlDecryptor.Decrypt(XElement encryptedElement)
fail: Microsoft.AspNetCore.DataProtection.KeyManagement.XmlKeyManager[24]
      An exception occurred while processing the key element '<key id="f237a8cb-423a-4a53-9b79-9fa4d7f20864" version="1" />'.
      System.AggregateException: An error occurred while writing to logger(s). (Cannot open log for source '.NET Runtime'. You may not have write access.)
       ---> System.InvalidOperationException: Cannot open log for source '.NET Runtime'. You may not have write access.
       ---> System.ComponentModel.Win32Exception (5): Access is denied.
         --- End of inner exception stack trace ---
         at System.Diagnostics.EventLogInternal.OpenForWrite(String currentMachineName)
         at System.Diagnostics.EventLogInternal.InternalWriteEvent(UInt32 eventID, UInt16 category, EventLogEntryType type, String[] strings, Byte[] rawData, String currentMachineName)
         at System.Diagnostics.EventLogInternal.WriteEvent(EventInstance instance, Byte[] data, Object[] values)
         at Microsoft.Extensions.Logging.EventLog.WindowsEventLog.WriteEntry(String message, EventLogEntryType type, Int32 eventID, Int16 category)
         at Microsoft.Extensions.Logging.EventLog.EventLogLogger.WriteMessage(String message, EventLogEntryType eventLogEntryType, Int32 eventId)
         at Microsoft.Extensions.Logging.EventLog.EventLogLogger.Log[TState](LogLevel logLevel, EventId eventId, TState state, Exception exception, Func`3 formatter)
         at Microsoft.Extensions.Logging.Logger.<Log>g__LoggerLog|14_0[TState](LogLevel logLevel, EventId eventId, ILogger logger, Exception exception, Func`3 formatter, List`1& exceptions, TState& state)
         --- End of inner exception stack trace ---
         at Microsoft.Extensions.Logging.Logger.ThrowLoggingError(List`1 exceptions)
         at Microsoft.Extensions.Logging.Logger.Log[TState](LogLevel logLevel, EventId eventId, TState state, Exception exception, Func`3 formatter)
         at Microsoft.Extensions.Logging.LoggerMessage.<>c__DisplayClass8_0.<Define>g__Log|0(ILogger logger, Exception exception)
         at Microsoft.AspNetCore.DataProtection.XmlEncryption.DpapiXmlDecryptor.Decrypt(XElement encryptedElement)
         at Microsoft.AspNetCore.DataProtection.XmlEncryption.XmlEncryptionExtensions.DecryptElement(XElement element, IActivator activator)
         at Microsoft.AspNetCore.DataProtection.KeyManagement.XmlKeyManager.Microsoft.AspNetCore.DataProtection.KeyManagement.Internal.IInternalXmlKeyManager.DeserializeDescriptorFromKeyElement(XElement keyElement)
fail: Microsoft.AspNetCore.DataProtection.XmlEncryption.DpapiXmlDecryptor[43]
      An exception occurred while trying to decrypt the element.
      System.Security.Cryptography.CryptographicException: Error occurred during a cryptographic operation.
         at Microsoft.AspNetCore.DataProtection.Cng.DpapiSecretSerializerHelper.UnprotectWithDpapiCore(Byte* pbProtectedData, UInt32 cbProtectedData, Byte* pbOptionalEntropy, UInt32 cbOptionalEntropy)
         at Microsoft.AspNetCore.DataProtection.Cng.DpapiSecretSerializerHelper.UnprotectWithDpapi(Byte[] protectedSecret)
         at Microsoft.AspNetCore.DataProtection.XmlEncryption.DpapiXmlDecryptor.Decrypt(XElement encryptedElement)
fail: Microsoft.AspNetCore.DataProtection.KeyManagement.XmlKeyManager[24]
      An exception occurred while processing the key element '<key id="f237a8cb-423a-4a53-9b79-9fa4d7f20864" version="1" />'.
      System.AggregateException: An error occurred while writing to logger(s). (Cannot open log for source '.NET Runtime'. You may not have write access.)
       ---> System.InvalidOperationException: Cannot open log for source '.NET Runtime'. You may not have write access.
       ---> System.ComponentModel.Win32Exception (5): Access is denied.
         --- End of inner exception stack trace ---
         at System.Diagnostics.EventLogInternal.OpenForWrite(String currentMachineName)
         at System.Diagnostics.EventLogInternal.InternalWriteEvent(UInt32 eventID, UInt16 category, EventLogEntryType type, String[] strings, Byte[] rawData, String currentMachineName)
         at System.Diagnostics.EventLogInternal.WriteEvent(EventInstance instance, Byte[] data, Object[] values)
         at Microsoft.Extensions.Logging.EventLog.WindowsEventLog.WriteEntry(String message, EventLogEntryType type, Int32 eventID, Int16 category)
         at Microsoft.Extensions.Logging.EventLog.EventLogLogger.WriteMessage(String message, EventLogEntryType eventLogEntryType, Int32 eventId)
         at Microsoft.Extensions.Logging.EventLog.EventLogLogger.Log[TState](LogLevel logLevel, EventId eventId, TState state, Exception exception, Func`3 formatter)
         at Microsoft.Extensions.Logging.Logger.<Log>g__LoggerLog|14_0[TState](LogLevel logLevel, EventId eventId, ILogger logger, Exception exception, Func`3 formatter, List`1& exceptions, TState& state)
         --- End of inner exception stack trace ---
         at Microsoft.Extensions.Logging.Logger.ThrowLoggingError(List`1 exceptions)
         at Microsoft.Extensions.Logging.Logger.Log[TState](LogLevel logLevel, EventId eventId, TState state, Exception exception, Func`3 formatter)
         at Microsoft.Extensions.Logging.LoggerMessage.<>c__DisplayClass8_0.<Define>g__Log|0(ILogger logger, Exception exception)
         at Microsoft.AspNetCore.DataProtection.XmlEncryption.DpapiXmlDecryptor.Decrypt(XElement encryptedElement)
         at Microsoft.AspNetCore.DataProtection.XmlEncryption.XmlEncryptionExtensions.DecryptElement(XElement element, IActivator activator)
         at Microsoft.AspNetCore.DataProtection.KeyManagement.XmlKeyManager.Microsoft.AspNetCore.DataProtection.KeyManagement.Internal.IInternalXmlKeyManager.DeserializeDescriptorFromKeyElement(XElement keyElement)
fail: Microsoft.AspNetCore.DataProtection.XmlEncryption.DpapiXmlDecryptor[43]
      An exception occurred while trying to decrypt the element.
      System.Security.Cryptography.CryptographicException: Error occurred during a cryptographic operation.
         at Microsoft.AspNetCore.DataProtection.Cng.DpapiSecretSerializerHelper.UnprotectWithDpapiCore(Byte* pbProtectedData, UInt32 cbProtectedData, Byte* pbOptionalEntropy, UInt32 cbOptionalEntropy)
         at Microsoft.AspNetCore.DataProtection.Cng.DpapiSecretSerializerHelper.UnprotectWithDpapi(Byte[] protectedSecret)
         at Microsoft.AspNetCore.DataProtection.XmlEncryption.DpapiXmlDecryptor.Decrypt(XElement encryptedElement)
fail: Microsoft.AspNetCore.DataProtection.KeyManagement.XmlKeyManager[24]
      An exception occurred while processing the key element '<key id="f237a8cb-423a-4a53-9b79-9fa4d7f20864" version="1" />'.
      System.AggregateException: An error occurred while writing to logger(s). (Cannot open log for source '.NET Runtime'. You may not have write access.)
       ---> System.InvalidOperationException: Cannot open log for source '.NET Runtime'. You may not have write access.
       ---> System.ComponentModel.Win32Exception (5): Access is denied.
         --- End of inner exception stack trace ---
         at System.Diagnostics.EventLogInternal.OpenForWrite(String currentMachineName)
         at System.Diagnostics.EventLogInternal.InternalWriteEvent(UInt32 eventID, UInt16 category, EventLogEntryType type, String[] strings, Byte[] rawData, String currentMachineName)
         at System.Diagnostics.EventLogInternal.WriteEvent(EventInstance instance, Byte[] data, Object[] values)
         at Microsoft.Extensions.Logging.EventLog.WindowsEventLog.WriteEntry(String message, EventLogEntryType type, Int32 eventID, Int16 category)
         at Microsoft.Extensions.Logging.EventLog.EventLogLogger.WriteMessage(String message, EventLogEntryType eventLogEntryType, Int32 eventId)
         at Microsoft.Extensions.Logging.EventLog.EventLogLogger.Log[TState](LogLevel logLevel, EventId eventId, TState state, Exception exception, Func`3 formatter)
         at Microsoft.Extensions.Logging.Logger.<Log>g__LoggerLog|14_0[TState](LogLevel logLevel, EventId eventId, ILogger logger, Exception exception, Func`3 formatter, List`1& exceptions, TState& state)
         --- End of inner exception stack trace ---
         at Microsoft.Extensions.Logging.Logger.ThrowLoggingError(List`1 exceptions)
         at Microsoft.Extensions.Logging.Logger.Log[TState](LogLevel logLevel, EventId eventId, TState state, Exception exception, Func`3 formatter)
         at Microsoft.Extensions.Logging.LoggerMessage.<>c__DisplayClass8_0.<Define>g__Log|0(ILogger logger, Exception exception)
         at Microsoft.AspNetCore.DataProtection.XmlEncryption.DpapiXmlDecryptor.Decrypt(XElement encryptedElement)
         at Microsoft.AspNetCore.DataProtection.XmlEncryption.XmlEncryptionExtensions.DecryptElement(XElement element, IActivator activator)
         at Microsoft.AspNetCore.DataProtection.KeyManagement.XmlKeyManager.Microsoft.AspNetCore.DataProtection.KeyManagement.Internal.IInternalXmlKeyManager.DeserializeDescriptorFromKeyElement(XElement keyElement)
fail: Microsoft.AspNetCore.DataProtection.XmlEncryption.DpapiXmlDecryptor[43]
      An exception occurred while trying to decrypt the element.
      System.Security.Cryptography.CryptographicException: Error occurred during a cryptographic operation.
         at Microsoft.AspNetCore.DataProtection.Cng.DpapiSecretSerializerHelper.UnprotectWithDpapiCore(Byte* pbProtectedData, UInt32 cbProtectedData, Byte* pbOptionalEntropy, UInt32 cbOptionalEntropy)
         at Microsoft.AspNetCore.DataProtection.Cng.DpapiSecretSerializerHelper.UnprotectWithDpapi(Byte[] protectedSecret)
         at Microsoft.AspNetCore.DataProtection.XmlEncryption.DpapiXmlDecryptor.Decrypt(XElement encryptedElement)
fail: Microsoft.AspNetCore.DataProtection.KeyManagement.XmlKeyManager[24]
      An exception occurred while processing the key element '<key id="f237a8cb-423a-4a53-9b79-9fa4d7f20864" version="1" />'.
      System.AggregateException: An error occurred while writing to logger(s). (Cannot open log for source '.NET Runtime'. You may not have write access.)
       ---> System.InvalidOperationException: Cannot open log for source '.NET Runtime'. You may not have write access.
       ---> System.ComponentModel.Win32Exception (5): Access is denied.
         --- End of inner exception stack trace ---
         at System.Diagnostics.EventLogInternal.OpenForWrite(String currentMachineName)
         at System.Diagnostics.EventLogInternal.InternalWriteEvent(UInt32 eventID, UInt16 category, EventLogEntryType type, String[] strings, Byte[] rawData, String currentMachineName)
         at System.Diagnostics.EventLogInternal.WriteEvent(EventInstance instance, Byte[] data, Object[] values)
         at Microsoft.Extensions.Logging.EventLog.WindowsEventLog.WriteEntry(String message, EventLogEntryType type, Int32 eventID, Int16 category)
         at Microsoft.Extensions.Logging.EventLog.EventLogLogger.WriteMessage(String message, EventLogEntryType eventLogEntryType, Int32 eventId)
         at Microsoft.Extensions.Logging.EventLog.EventLogLogger.Log[TState](LogLevel logLevel, EventId eventId, TState state, Exception exception, Func`3 formatter)
         at Microsoft.Extensions.Logging.Logger.<Log>g__LoggerLog|14_0[TState](LogLevel logLevel, EventId eventId, ILogger logger, Exception exception, Func`3 formatter, List`1& exceptions, TState& state)
         --- End of inner exception stack trace ---
         at Microsoft.Extensions.Logging.Logger.ThrowLoggingError(List`1 exceptions)
         at Microsoft.Extensions.Logging.Logger.Log[TState](LogLevel logLevel, EventId eventId, TState state, Exception exception, Func`3 formatter)
         at Microsoft.Extensions.Logging.LoggerMessage.<>c__DisplayClass8_0.<Define>g__Log|0(ILogger logger, Exception exception)
         at Microsoft.AspNetCore.DataProtection.XmlEncryption.DpapiXmlDecryptor.Decrypt(XElement encryptedElement)
         at Microsoft.AspNetCore.DataProtection.XmlEncryption.XmlEncryptionExtensions.DecryptElement(XElement element, IActivator activator)
         at Microsoft.AspNetCore.DataProtection.KeyManagement.XmlKeyManager.Microsoft.AspNetCore.DataProtection.KeyManagement.Internal.IInternalXmlKeyManager.DeserializeDescriptorFromKeyElement(XElement keyElement)
fail: Microsoft.AspNetCore.DataProtection.XmlEncryption.DpapiXmlDecryptor[43]
      An exception occurred while trying to decrypt the element.
      System.Security.Cryptography.CryptographicException: Error occurred during a cryptographic operation.
         at Microsoft.AspNetCore.DataProtection.Cng.DpapiSecretSerializerHelper.UnprotectWithDpapiCore(Byte* pbProtectedData, UInt32 cbProtectedData, Byte* pbOptionalEntropy, UInt32 cbOptionalEntropy)
         at Microsoft.AspNetCore.DataProtection.Cng.DpapiSecretSerializerHelper.UnprotectWithDpapi(Byte[] protectedSecret)
         at Microsoft.AspNetCore.DataProtection.XmlEncryption.DpapiXmlDecryptor.Decrypt(XElement encryptedElement)
fail: Microsoft.AspNetCore.DataProtection.KeyManagement.XmlKeyManager[24]
      An exception occurred while processing the key element '<key id="f237a8cb-423a-4a53-9b79-9fa4d7f20864" version="1" />'.
      System.AggregateException: An error occurred while writing to logger(s). (Cannot open log for source '.NET Runtime'. You may not have write access.)
       ---> System.InvalidOperationException: Cannot open log for source '.NET Runtime'. You may not have write access.
       ---> System.ComponentModel.Win32Exception (5): Access is denied.
         --- End of inner exception stack trace ---
         at System.Diagnostics.EventLogInternal.OpenForWrite(String currentMachineName)
         at System.Diagnostics.EventLogInternal.InternalWriteEvent(UInt32 eventID, UInt16 category, EventLogEntryType type, String[] strings, Byte[] rawData, String currentMachineName)
         at System.Diagnostics.EventLogInternal.WriteEvent(EventInstance instance, Byte[] data, Object[] values)
         at Microsoft.Extensions.Logging.EventLog.WindowsEventLog.WriteEntry(String message, EventLogEntryType type, Int32 eventID, Int16 category)
         at Microsoft.Extensions.Logging.EventLog.EventLogLogger.WriteMessage(String message, EventLogEntryType eventLogEntryType, Int32 eventId)
         at Microsoft.Extensions.Logging.EventLog.EventLogLogger.Log[TState](LogLevel logLevel, EventId eventId, TState state, Exception exception, Func`3 formatter)
         at Microsoft.Extensions.Logging.Logger.<Log>g__LoggerLog|14_0[TState](LogLevel logLevel, EventId eventId, ILogger logger, Exception exception, Func`3 formatter, List`1& exceptions, TState& state)
         --- End of inner exception stack trace ---
         at Microsoft.Extensions.Logging.Logger.ThrowLoggingError(List`1 exceptions)
         at Microsoft.Extensions.Logging.Logger.Log[TState](LogLevel logLevel, EventId eventId, TState state, Exception exception, Func`3 formatter)
         at Microsoft.Extensions.Logging.LoggerMessage.<>c__DisplayClass8_0.<Define>g__Log|0(ILogger logger, Exception exception)
         at Microsoft.AspNetCore.DataProtection.XmlEncryption.DpapiXmlDecryptor.Decrypt(XElement encryptedElement)
         at Microsoft.AspNetCore.DataProtection.XmlEncryption.XmlEncryptionExtensions.DecryptElement(XElement element, IActivator activator)
         at Microsoft.AspNetCore.DataProtection.KeyManagement.XmlKeyManager.Microsoft.AspNetCore.DataProtection.KeyManagement.Internal.IInternalXmlKeyManager.DeserializeDescriptorFromKeyElement(XElement keyElement)
fail: Microsoft.AspNetCore.DataProtection.XmlEncryption.DpapiXmlDecryptor[43]
      An exception occurred while trying to decrypt the element.
      System.Security.Cryptography.CryptographicException: Error occurred during a cryptographic operation.
         at Microsoft.AspNetCore.DataProtection.Cng.DpapiSecretSerializerHelper.UnprotectWithDpapiCore(Byte* pbProtectedData, UInt32 cbProtectedData, Byte* pbOptionalEntropy, UInt32 cbOptionalEntropy)
         at Microsoft.AspNetCore.DataProtection.Cng.DpapiSecretSerializerHelper.UnprotectWithDpapi(Byte[] protectedSecret)
         at Microsoft.AspNetCore.DataProtection.XmlEncryption.DpapiXmlDecryptor.Decrypt(XElement encryptedElement)
fail: Microsoft.AspNetCore.DataProtection.KeyManagement.XmlKeyManager[24]
      An exception occurred while processing the key element '<key id="f237a8cb-423a-4a53-9b79-9fa4d7f20864" version="1" />'.
      System.AggregateException: An error occurred while writing to logger(s). (Cannot open log for source '.NET Runtime'. You may not have write access.)
       ---> System.InvalidOperationException: Cannot open log for source '.NET Runtime'. You may not have write access.
       ---> System.ComponentModel.Win32Exception (5): Access is denied.
         --- End of inner exception stack trace ---
         at System.Diagnostics.EventLogInternal.OpenForWrite(String currentMachineName)
         at System.Diagnostics.EventLogInternal.InternalWriteEvent(UInt32 eventID, UInt16 category, EventLogEntryType type, String[] strings, Byte[] rawData, String currentMachineName)
         at System.Diagnostics.EventLogInternal.WriteEvent(EventInstance instance, Byte[] data, Object[] values)
         at Microsoft.Extensions.Logging.EventLog.WindowsEventLog.WriteEntry(String message, EventLogEntryType type, Int32 eventID, Int16 category)
         at Microsoft.Extensions.Logging.EventLog.EventLogLogger.WriteMessage(String message, EventLogEntryType eventLogEntryType, Int32 eventId)
         at Microsoft.Extensions.Logging.EventLog.EventLogLogger.Log[TState](LogLevel logLevel, EventId eventId, TState state, Exception exception, Func`3 formatter)
         at Microsoft.Extensions.Logging.Logger.<Log>g__LoggerLog|14_0[TState](LogLevel logLevel, EventId eventId, ILogger logger, Exception exception, Func`3 formatter, List`1& exceptions, TState& state)
         --- End of inner exception stack trace ---
         at Microsoft.Extensions.Logging.Logger.ThrowLoggingError(List`1 exceptions)
         at Microsoft.Extensions.Logging.Logger.Log[TState](LogLevel logLevel, EventId eventId, TState state, Exception exception, Func`3 formatter)
         at Microsoft.Extensions.Logging.LoggerMessage.<>c__DisplayClass8_0.<Define>g__Log|0(ILogger logger, Exception exception)
         at Microsoft.AspNetCore.DataProtection.XmlEncryption.DpapiXmlDecryptor.Decrypt(XElement encryptedElement)
         at Microsoft.AspNetCore.DataProtection.XmlEncryption.XmlEncryptionExtensions.DecryptElement(XElement element, IActivator activator)
         at Microsoft.AspNetCore.DataProtection.KeyManagement.XmlKeyManager.Microsoft.AspNetCore.DataProtection.KeyManagement.Internal.IInternalXmlKeyManager.DeserializeDescriptorFromKeyElement(XElement keyElement)
fail: Microsoft.AspNetCore.DataProtection.XmlEncryption.DpapiXmlDecryptor[43]
      An exception occurred while trying to decrypt the element.
      System.Security.Cryptography.CryptographicException: Error occurred during a cryptographic operation.
         at Microsoft.AspNetCore.DataProtection.Cng.DpapiSecretSerializerHelper.UnprotectWithDpapiCore(Byte* pbProtectedData, UInt32 cbProtectedData, Byte* pbOptionalEntropy, UInt32 cbOptionalEntropy)
         at Microsoft.AspNetCore.DataProtection.Cng.DpapiSecretSerializerHelper.UnprotectWithDpapi(Byte[] protectedSecret)
         at Microsoft.AspNetCore.DataProtection.XmlEncryption.DpapiXmlDecryptor.Decrypt(XElement encryptedElement)
fail: Microsoft.AspNetCore.DataProtection.KeyManagement.XmlKeyManager[24]
      An exception occurred while processing the key element '<key id="f237a8cb-423a-4a53-9b79-9fa4d7f20864" version="1" />'.
      System.AggregateException: An error occurred while writing to logger(s). (Cannot open log for source '.NET Runtime'. You may not have write access.)
       ---> System.InvalidOperationException: Cannot open log for source '.NET Runtime'. You may not have write access.
       ---> System.ComponentModel.Win32Exception (5): Access is denied.
         --- End of inner exception stack trace ---
         at System.Diagnostics.EventLogInternal.OpenForWrite(String currentMachineName)
         at System.Diagnostics.EventLogInternal.InternalWriteEvent(UInt32 eventID, UInt16 category, EventLogEntryType type, String[] strings, Byte[] rawData, String currentMachineName)
         at System.Diagnostics.EventLogInternal.WriteEvent(EventInstance instance, Byte[] data, Object[] values)
         at Microsoft.Extensions.Logging.EventLog.WindowsEventLog.WriteEntry(String message, EventLogEntryType type, Int32 eventID, Int16 category)
         at Microsoft.Extensions.Logging.EventLog.EventLogLogger.WriteMessage(String message, EventLogEntryType eventLogEntryType, Int32 eventId)
         at Microsoft.Extensions.Logging.EventLog.EventLogLogger.Log[TState](LogLevel logLevel, EventId eventId, TState state, Exception exception, Func`3 formatter)
         at Microsoft.Extensions.Logging.Logger.<Log>g__LoggerLog|14_0[TState](LogLevel logLevel, EventId eventId, ILogger logger, Exception exception, Func`3 formatter, List`1& exceptions, TState& state)
         --- End of inner exception stack trace ---
         at Microsoft.Extensions.Logging.Logger.ThrowLoggingError(List`1 exceptions)
         at Microsoft.Extensions.Logging.Logger.Log[TState](LogLevel logLevel, EventId eventId, TState state, Exception exception, Func`3 formatter)
         at Microsoft.Extensions.Logging.LoggerMessage.<>c__DisplayClass8_0.<Define>g__Log|0(ILogger logger, Exception exception)
         at Microsoft.AspNetCore.DataProtection.XmlEncryption.DpapiXmlDecryptor.Decrypt(XElement encryptedElement)
         at Microsoft.AspNetCore.DataProtection.XmlEncryption.XmlEncryptionExtensions.DecryptElement(XElement element, IActivator activator)
         at Microsoft.AspNetCore.DataProtection.KeyManagement.XmlKeyManager.Microsoft.AspNetCore.DataProtection.KeyManagement.Internal.IInternalXmlKeyManager.DeserializeDescriptorFromKeyElement(XElement keyElement)
fail: Microsoft.AspNetCore.DataProtection.XmlEncryption.DpapiXmlDecryptor[43]
      An exception occurred while trying to decrypt the element.
      System.Security.Cryptography.CryptographicException: Error occurred during a cryptographic operation.
         at Microsoft.AspNetCore.DataProtection.Cng.DpapiSecretSerializerHelper.UnprotectWithDpapiCore(Byte* pbProtectedData, UInt32 cbProtectedData, Byte* pbOptionalEntropy, UInt32 cbOptionalEntropy)
         at Microsoft.AspNetCore.DataProtection.Cng.DpapiSecretSerializerHelper.UnprotectWithDpapi(Byte[] protectedSecret)
         at Microsoft.AspNetCore.DataProtection.XmlEncryption.DpapiXmlDecryptor.Decrypt(XElement encryptedElement)
fail: Microsoft.AspNetCore.DataProtection.KeyManagement.XmlKeyManager[24]
      An exception occurred while processing the key element '<key id="f237a8cb-423a-4a53-9b79-9fa4d7f20864" version="1" />'.
      System.AggregateException: An error occurred while writing to logger(s). (Cannot open log for source '.NET Runtime'. You may not have write access.)
       ---> System.InvalidOperationException: Cannot open log for source '.NET Runtime'. You may not have write access.
       ---> System.ComponentModel.Win32Exception (5): Access is denied.
         --- End of inner exception stack trace ---
         at System.Diagnostics.EventLogInternal.OpenForWrite(String currentMachineName)
         at System.Diagnostics.EventLogInternal.InternalWriteEvent(UInt32 eventID, UInt16 category, EventLogEntryType type, String[] strings, Byte[] rawData, String currentMachineName)
         at System.Diagnostics.EventLogInternal.WriteEvent(EventInstance instance, Byte[] data, Object[] values)
         at Microsoft.Extensions.Logging.EventLog.WindowsEventLog.WriteEntry(String message, EventLogEntryType type, Int32 eventID, Int16 category)
         at Microsoft.Extensions.Logging.EventLog.EventLogLogger.WriteMessage(String message, EventLogEntryType eventLogEntryType, Int32 eventId)
         at Microsoft.Extensions.Logging.EventLog.EventLogLogger.Log[TState](LogLevel logLevel, EventId eventId, TState state, Exception exception, Func`3 formatter)
         at Microsoft.Extensions.Logging.Logger.<Log>g__LoggerLog|14_0[TState](LogLevel logLevel, EventId eventId, ILogger logger, Exception exception, Func`3 formatter, List`1& exceptions, TState& state)
         --- End of inner exception stack trace ---
         at Microsoft.Extensions.Logging.Logger.ThrowLoggingError(List`1 exceptions)
         at Microsoft.Extensions.Logging.Logger.Log[TState](LogLevel logLevel, EventId eventId, TState state, Exception exception, Func`3 formatter)
         at Microsoft.Extensions.Logging.LoggerMessage.<>c__DisplayClass8_0.<Define>g__Log|0(ILogger logger, Exception exception)
         at Microsoft.AspNetCore.DataProtection.XmlEncryption.DpapiXmlDecryptor.Decrypt(XElement encryptedElement)
         at Microsoft.AspNetCore.DataProtection.XmlEncryption.XmlEncryptionExtensions.DecryptElement(XElement element, IActivator activator)
         at Microsoft.AspNetCore.DataProtection.KeyManagement.XmlKeyManager.Microsoft.AspNetCore.DataProtection.KeyManagement.Internal.IInternalXmlKeyManager.DeserializeDescriptorFromKeyElement(XElement keyElement)
warn: Microsoft.AspNetCore.DataProtection.KeyManagement.DefaultKeyResolver[12]
      Key {f237a8cb-423a-4a53-9b79-9fa4d7f20864} is ineligible to be the default key because its CreateEncryptor method failed after the maximum number of retries.
      System.AggregateException: One or more errors occurred. (An error occurred while writing to logger(s). (Cannot open log for source '.NET Runtime'. You may not have write access.)) (An error occurred while writing to logger(s). (Cannot open log for source '.NET Runtime'. You may not have write access.)) (An error occurred while writing to logger(s). (Cannot open log for source '.NET Runtime'. You may not have write access.)) (An error occurred while writing to logger(s). (Cannot open log for source '.NET Runtime'. You may not have write access.)) (An error occurred while writing to logger(s). (Cannot open log for source '.NET Runtime'. You may not have write access.)) (An error occurred while writing to logger(s). (Cannot open log for source '.NET Runtime'. You may not have write access.)) (An error occurred while writing to logger(s). (Cannot open log for source '.NET Runtime'. You may not have write access.)) (An error occurred while writing to logger(s). (Cannot open log for source '.NET Runtime'. You may not have write access.)) (An error occurred while writing to logger(s). (Cannot open log for source '.NET Runtime'. You may not have write access.)) (An error occurred while writing to logger(s). (Cannot open log for source '.NET Runtime'. You may not have write access.)) (An error occurred while writing to logger(s). (Cannot open log for source '.NET Runtime'. You may not have write access.))
       ---> System.AggregateException: An error occurred while writing to logger(s). (Cannot open log for source '.NET Runtime'. You may not have write access.)
       ---> System.InvalidOperationException: Cannot open log for source '.NET Runtime'. You may not have write access.
       ---> System.ComponentModel.Win32Exception (5): Access is denied.
         --- End of inner exception stack trace ---
         at System.Diagnostics.EventLogInternal.OpenForWrite(String currentMachineName)
         at System.Diagnostics.EventLogInternal.InternalWriteEvent(UInt32 eventID, UInt16 category, EventLogEntryType type, String[] strings, Byte[] rawData, String currentMachineName)
         at System.Diagnostics.EventLogInternal.WriteEvent(EventInstance instance, Byte[] data, Object[] values)
         at Microsoft.Extensions.Logging.EventLog.WindowsEventLog.WriteEntry(String message, EventLogEntryType type, Int32 eventID, Int16 category)
         at Microsoft.Extensions.Logging.EventLog.EventLogLogger.WriteMessage(String message, EventLogEntryType eventLogEntryType, Int32 eventId)
         at Microsoft.Extensions.Logging.EventLog.EventLogLogger.Log[TState](LogLevel logLevel, EventId eventId, TState state, Exception exception, Func`3 formatter)
         at Microsoft.Extensions.Logging.Logger.<Log>g__LoggerLog|14_0[TState](LogLevel logLevel, EventId eventId, ILogger logger, Exception exception, Func`3 formatter, List`1& exceptions, TState& state)
         --- End of inner exception stack trace ---
         at Microsoft.Extensions.Logging.Logger.ThrowLoggingError(List`1 exceptions)
         at Microsoft.Extensions.Logging.Logger.Log[TState](LogLevel logLevel, EventId eventId, TState state, Exception exception, Func`3 formatter)
         at Microsoft.Extensions.Logging.Logger`1.Microsoft.Extensions.Logging.ILogger.Log[TState](LogLevel logLevel, EventId eventId, TState state, Exception exception, Func`3 formatter)
         at Microsoft.Extensions.Logging.LoggerMessage.<>c__DisplayClass10_0`1.<Define>g__Log|0(ILogger logger, T1 arg1, Exception exception)
         at Microsoft.AspNetCore.DataProtection.KeyManagement.XmlKeyManager.WriteKeyDeserializationErrorToLog(Exception error, XElement keyElement)
         at Microsoft.AspNetCore.DataProtection.KeyManagement.XmlKeyManager.Microsoft.AspNetCore.DataProtection.KeyManagement.Internal.IInternalXmlKeyManager.DeserializeDescriptorFromKeyElement(XElement keyElement)
         at Microsoft.AspNetCore.DataProtection.KeyManagement.Key.get_Descriptor()
         at Microsoft.AspNetCore.DataProtection.AuthenticatedEncryption.CngGcmAuthenticatedEncryptorFactory.CreateEncryptorInstance(IKey key)
         at Microsoft.AspNetCore.DataProtection.KeyManagement.Key.CreateEncryptor()
         at Microsoft.AspNetCore.DataProtection.KeyManagement.DefaultKeyResolver.CanCreateAuthenticatedEncryptor(IKey key, Int32& retriesRemaining)
         --- End of inner exception stack trace ---
       ---> (Inner Exception #1) System.AggregateException: An error occurred while writing to logger(s). (Cannot open log for source '.NET Runtime'. You may not have write access.)
       ---> System.InvalidOperationException: Cannot open log for source '.NET Runtime'. You may not have write access.
       ---> System.ComponentModel.Win32Exception (5): Access is denied.
         --- End of inner exception stack trace ---
         at System.Diagnostics.EventLogInternal.OpenForWrite(String currentMachineName)
         at System.Diagnostics.EventLogInternal.InternalWriteEvent(UInt32 eventID, UInt16 category, EventLogEntryType type, String[] strings, Byte[] rawData, String currentMachineName)
         at System.Diagnostics.EventLogInternal.WriteEvent(EventInstance instance, Byte[] data, Object[] values)
         at Microsoft.Extensions.Logging.EventLog.WindowsEventLog.WriteEntry(String message, EventLogEntryType type, Int32 eventID, Int16 category)
         at Microsoft.Extensions.Logging.EventLog.EventLogLogger.WriteMessage(String message, EventLogEntryType eventLogEntryType, Int32 eventId)
         at Microsoft.Extensions.Logging.EventLog.EventLogLogger.Log[TState](LogLevel logLevel, EventId eventId, TState state, Exception exception, Func`3 formatter)
         at Microsoft.Extensions.Logging.Logger.<Log>g__LoggerLog|14_0[TState](LogLevel logLevel, EventId eventId, ILogger logger, Exception exception, Func`3 formatter, List`1& exceptions, TState& state)
         --- End of inner exception stack trace ---
         at Microsoft.Extensions.Logging.Logger.ThrowLoggingError(List`1 exceptions)
         at Microsoft.Extensions.Logging.Logger.Log[TState](LogLevel logLevel, EventId eventId, TState state, Exception exception, Func`3 formatter)
         at Microsoft.Extensions.Logging.Logger`1.Microsoft.Extensions.Logging.ILogger.Log[TState](LogLevel logLevel, EventId eventId, TState state, Exception exception, Func`3 formatter)
         at Microsoft.Extensions.Logging.LoggerMessage.<>c__DisplayClass10_0`1.<Define>g__Log|0(ILogger logger, T1 arg1, Exception exception)
         at Microsoft.AspNetCore.DataProtection.KeyManagement.XmlKeyManager.WriteKeyDeserializationErrorToLog(Exception error, XElement keyElement)
         at Microsoft.AspNetCore.DataProtection.KeyManagement.XmlKeyManager.Microsoft.AspNetCore.DataProtection.KeyManagement.Internal.IInternalXmlKeyManager.DeserializeDescriptorFromKeyElement(XElement keyElement)
         at Microsoft.AspNetCore.DataProtection.KeyManagement.Key.get_Descriptor()
         at Microsoft.AspNetCore.DataProtection.AuthenticatedEncryption.CngGcmAuthenticatedEncryptorFactory.CreateEncryptorInstance(IKey key)
         at Microsoft.AspNetCore.DataProtection.KeyManagement.Key.CreateEncryptor()
         at Microsoft.AspNetCore.DataProtection.KeyManagement.DefaultKeyResolver.CanCreateAuthenticatedEncryptor(IKey key, Int32& retriesRemaining)<---
      
       ---> (Inner Exception #2) System.AggregateException: An error occurred while writing to logger(s). (Cannot open log for source '.NET Runtime'. You may not have write access.)
       ---> System.InvalidOperationException: Cannot open log for source '.NET Runtime'. You may not have write access.
       ---> System.ComponentModel.Win32Exception (5): Access is denied.
         --- End of inner exception stack trace ---
         at System.Diagnostics.EventLogInternal.OpenForWrite(String currentMachineName)
         at System.Diagnostics.EventLogInternal.InternalWriteEvent(UInt32 eventID, UInt16 category, EventLogEntryType type, String[] strings, Byte[] rawData, String currentMachineName)
         at System.Diagnostics.EventLogInternal.WriteEvent(EventInstance instance, Byte[] data, Object[] values)
         at Microsoft.Extensions.Logging.EventLog.WindowsEventLog.WriteEntry(String message, EventLogEntryType type, Int32 eventID, Int16 category)
         at Microsoft.Extensions.Logging.EventLog.EventLogLogger.WriteMessage(String message, EventLogEntryType eventLogEntryType, Int32 eventId)
         at Microsoft.Extensions.Logging.EventLog.EventLogLogger.Log[TState](LogLevel logLevel, EventId eventId, TState state, Exception exception, Func`3 formatter)
         at Microsoft.Extensions.Logging.Logger.<Log>g__LoggerLog|14_0[TState](LogLevel logLevel, EventId eventId, ILogger logger, Exception exception, Func`3 formatter, List`1& exceptions, TState& state)
         --- End of inner exception stack trace ---
         at Microsoft.Extensions.Logging.Logger.ThrowLoggingError(List`1 exceptions)
         at Microsoft.Extensions.Logging.Logger.Log[TState](LogLevel logLevel, EventId eventId, TState state, Exception exception, Func`3 formatter)
         at Microsoft.Extensions.Logging.Logger`1.Microsoft.Extensions.Logging.ILogger.Log[TState](LogLevel logLevel, EventId eventId, TState state, Exception exception, Func`3 formatter)
         at Microsoft.Extensions.Logging.LoggerMessage.<>c__DisplayClass10_0`1.<Define>g__Log|0(ILogger logger, T1 arg1, Exception exception)
         at Microsoft.AspNetCore.DataProtection.KeyManagement.XmlKeyManager.WriteKeyDeserializationErrorToLog(Exception error, XElement keyElement)
         at Microsoft.AspNetCore.DataProtection.KeyManagement.XmlKeyManager.Microsoft.AspNetCore.DataProtection.KeyManagement.Internal.IInternalXmlKeyManager.DeserializeDescriptorFromKeyElement(XElement keyElement)
         at Microsoft.AspNetCore.DataProtection.KeyManagement.Key.get_Descriptor()
         at Microsoft.AspNetCore.DataProtection.AuthenticatedEncryption.CngGcmAuthenticatedEncryptorFactory.CreateEncryptorInstance(IKey key)
         at Microsoft.AspNetCore.DataProtection.KeyManagement.Key.CreateEncryptor()
         at Microsoft.AspNetCore.DataProtection.KeyManagement.DefaultKeyResolver.CanCreateAuthenticatedEncryptor(IKey key, Int32& retriesRemaining)<---
      
       ---> (Inner Exception #3) System.AggregateException: An error occurred while writing to logger(s). (Cannot open log for source '.NET Runtime'. You may not have write access.)
       ---> System.InvalidOperationException: Cannot open log for source '.NET Runtime'. You may not have write access.
       ---> System.ComponentModel.Win32Exception (5): Access is denied.
         --- End of inner exception stack trace ---
         at System.Diagnostics.EventLogInternal.OpenForWrite(String currentMachineName)
         at System.Diagnostics.EventLogInternal.InternalWriteEvent(UInt32 eventID, UInt16 category, EventLogEntryType type, String[] strings, Byte[] rawData, String currentMachineName)
         at System.Diagnostics.EventLogInternal.WriteEvent(EventInstance instance, Byte[] data, Object[] values)
         at Microsoft.Extensions.Logging.EventLog.WindowsEventLog.WriteEntry(String message, EventLogEntryType type, Int32 eventID, Int16 category)
         at Microsoft.Extensions.Logging.EventLog.EventLogLogger.WriteMessage(String message, EventLogEntryType eventLogEntryType, Int32 eventId)
         at Microsoft.Extensions.Logging.EventLog.EventLogLogger.Log[TState](LogLevel logLevel, EventId eventId, TState state, Exception exception, Func`3 formatter)
         at Microsoft.Extensions.Logging.Logger.<Log>g__LoggerLog|14_0[TState](LogLevel logLevel, EventId eventId, ILogger logger, Exception exception, Func`3 formatter, List`1& exceptions, TState& state)
         --- End of inner exception stack trace ---
         at Microsoft.Extensions.Logging.Logger.ThrowLoggingError(List`1 exceptions)
         at Microsoft.Extensions.Logging.Logger.Log[TState](LogLevel logLevel, EventId eventId, TState state, Exception exception, Func`3 formatter)
         at Microsoft.Extensions.Logging.Logger`1.Microsoft.Extensions.Logging.ILogger.Log[TState](LogLevel logLevel, EventId eventId, TState state, Exception exception, Func`3 formatter)
         at Microsoft.Extensions.Logging.LoggerMessage.<>c__DisplayClass10_0`1.<Define>g__Log|0(ILogger logger, T1 arg1, Exception exception)
         at Microsoft.AspNetCore.DataProtection.KeyManagement.XmlKeyManager.WriteKeyDeserializationErrorToLog(Exception error, XElement keyElement)
         at Microsoft.AspNetCore.DataProtection.KeyManagement.XmlKeyManager.Microsoft.AspNetCore.DataProtection.KeyManagement.Internal.IInternalXmlKeyManager.DeserializeDescriptorFromKeyElement(XElement keyElement)
         at Microsoft.AspNetCore.DataProtection.KeyManagement.Key.get_Descriptor()
         at Microsoft.AspNetCore.DataProtection.AuthenticatedEncryption.CngGcmAuthenticatedEncryptorFactory.CreateEncryptorInstance(IKey key)
         at Microsoft.AspNetCore.DataProtection.KeyManagement.Key.CreateEncryptor()
         at Microsoft.AspNetCore.DataProtection.KeyManagement.DefaultKeyResolver.CanCreateAuthenticatedEncryptor(IKey key, Int32& retriesRemaining)<---
      
       ---> (Inner Exception #4) System.AggregateException: An error occurred while writing to logger(s). (Cannot open log for source '.NET Runtime'. You may not have write access.)
       ---> System.InvalidOperationException: Cannot open log for source '.NET Runtime'. You may not have write access.
       ---> System.ComponentModel.Win32Exception (5): Access is denied.
         --- End of inner exception stack trace ---
         at System.Diagnostics.EventLogInternal.OpenForWrite(String currentMachineName)
         at System.Diagnostics.EventLogInternal.InternalWriteEvent(UInt32 eventID, UInt16 category, EventLogEntryType type, String[] strings, Byte[] rawData, String currentMachineName)
         at System.Diagnostics.EventLogInternal.WriteEvent(EventInstance instance, Byte[] data, Object[] values)
         at Microsoft.Extensions.Logging.EventLog.WindowsEventLog.WriteEntry(String message, EventLogEntryType type, Int32 eventID, Int16 category)
         at Microsoft.Extensions.Logging.EventLog.EventLogLogger.WriteMessage(String message, EventLogEntryType eventLogEntryType, Int32 eventId)
         at Microsoft.Extensions.Logging.EventLog.EventLogLogger.Log[TState](LogLevel logLevel, EventId eventId, TState state, Exception exception, Func`3 formatter)
         at Microsoft.Extensions.Logging.Logger.<Log>g__LoggerLog|14_0[TState](LogLevel logLevel, EventId eventId, ILogger logger, Exception exception, Func`3 formatter, List`1& exceptions, TState& state)
         --- End of inner exception stack trace ---
         at Microsoft.Extensions.Logging.Logger.ThrowLoggingError(List`1 exceptions)
         at Microsoft.Extensions.Logging.Logger.Log[TState](LogLevel logLevel, EventId eventId, TState state, Exception exception, Func`3 formatter)
         at Microsoft.Extensions.Logging.Logger`1.Microsoft.Extensions.Logging.ILogger.Log[TState](LogLevel logLevel, EventId eventId, TState state, Exception exception, Func`3 formatter)
         at Microsoft.Extensions.Logging.LoggerMessage.<>c__DisplayClass10_0`1.<Define>g__Log|0(ILogger logger, T1 arg1, Exception exception)
         at Microsoft.AspNetCore.DataProtection.KeyManagement.XmlKeyManager.WriteKeyDeserializationErrorToLog(Exception error, XElement keyElement)
         at Microsoft.AspNetCore.DataProtection.KeyManagement.XmlKeyManager.Microsoft.AspNetCore.DataProtection.KeyManagement.Internal.IInternalXmlKeyManager.DeserializeDescriptorFromKeyElement(XElement keyElement)
         at Microsoft.AspNetCore.DataProtection.KeyManagement.Key.get_Descriptor()
         at Microsoft.AspNetCore.DataProtection.AuthenticatedEncryption.CngGcmAuthenticatedEncryptorFactory.CreateEncryptorInstance(IKey key)
         at Microsoft.AspNetCore.DataProtection.KeyManagement.Key.CreateEncryptor()
         at Microsoft.AspNetCore.DataProtection.KeyManagement.DefaultKeyResolver.CanCreateAuthenticatedEncryptor(IKey key, Int32& retriesRemaining)<---
      
       ---> (Inner Exception #5) System.AggregateException: An error occurred while writing to logger(s). (Cannot open log for source '.NET Runtime'. You may not have write access.)
       ---> System.InvalidOperationException: Cannot open log for source '.NET Runtime'. You may not have write access.
       ---> System.ComponentModel.Win32Exception (5): Access is denied.
         --- End of inner exception stack trace ---
         at System.Diagnostics.EventLogInternal.OpenForWrite(String currentMachineName)
         at System.Diagnostics.EventLogInternal.InternalWriteEvent(UInt32 eventID, UInt16 category, EventLogEntryType type, String[] strings, Byte[] rawData, String currentMachineName)
         at System.Diagnostics.EventLogInternal.WriteEvent(EventInstance instance, Byte[] data, Object[] values)
         at Microsoft.Extensions.Logging.EventLog.WindowsEventLog.WriteEntry(String message, EventLogEntryType type, Int32 eventID, Int16 category)
         at Microsoft.Extensions.Logging.EventLog.EventLogLogger.WriteMessage(String message, EventLogEntryType eventLogEntryType, Int32 eventId)
         at Microsoft.Extensions.Logging.EventLog.EventLogLogger.Log[TState](LogLevel logLevel, EventId eventId, TState state, Exception exception, Func`3 formatter)
         at Microsoft.Extensions.Logging.Logger.<Log>g__LoggerLog|14_0[TState](LogLevel logLevel, EventId eventId, ILogger logger, Exception exception, Func`3 formatter, List`1& exceptions, TState& state)
         --- End of inner exception stack trace ---
         at Microsoft.Extensions.Logging.Logger.ThrowLoggingError(List`1 exceptions)
         at Microsoft.Extensions.Logging.Logger.Log[TState](LogLevel logLevel, EventId eventId, TState state, Exception exception, Func`3 formatter)
         at Microsoft.Extensions.Logging.Logger`1.Microsoft.Extensions.Logging.ILogger.Log[TState](LogLevel logLevel, EventId eventId, TState state, Exception exception, Func`3 formatter)
         at Microsoft.Extensions.Logging.LoggerMessage.<>c__DisplayClass10_0`1.<Define>g__Log|0(ILogger logger, T1 arg1, Exception exception)
         at Microsoft.AspNetCore.DataProtection.KeyManagement.XmlKeyManager.WriteKeyDeserializationErrorToLog(Exception error, XElement keyElement)
         at Microsoft.AspNetCore.DataProtection.KeyManagement.XmlKeyManager.Microsoft.AspNetCore.DataProtection.KeyManagement.Internal.IInternalXmlKeyManager.DeserializeDescriptorFromKeyElement(XElement keyElement)
         at Microsoft.AspNetCore.DataProtection.KeyManagement.Key.get_Descriptor()
         at Microsoft.AspNetCore.DataProtection.AuthenticatedEncryption.CngGcmAuthenticatedEncryptorFactory.CreateEncryptorInstance(IKey key)
         at Microsoft.AspNetCore.DataProtection.KeyManagement.Key.CreateEncryptor()
         at Microsoft.AspNetCore.DataProtection.KeyManagement.DefaultKeyResolver.CanCreateAuthenticatedEncryptor(IKey key, Int32& retriesRemaining)<---
      
       ---> (Inner Exception #6) System.AggregateException: An error occurred while writing to logger(s). (Cannot open log for source '.NET Runtime'. You may not have write access.)
       ---> System.InvalidOperationException: Cannot open log for source '.NET Runtime'. You may not have write access.
       ---> System.ComponentModel.Win32Exception (5): Access is denied.
         --- End of inner exception stack trace ---
         at System.Diagnostics.EventLogInternal.OpenForWrite(String currentMachineName)
         at System.Diagnostics.EventLogInternal.InternalWriteEvent(UInt32 eventID, UInt16 category, EventLogEntryType type, String[] strings, Byte[] rawData, String currentMachineName)
         at System.Diagnostics.EventLogInternal.WriteEvent(EventInstance instance, Byte[] data, Object[] values)
         at Microsoft.Extensions.Logging.EventLog.WindowsEventLog.WriteEntry(String message, EventLogEntryType type, Int32 eventID, Int16 category)
         at Microsoft.Extensions.Logging.EventLog.EventLogLogger.WriteMessage(String message, EventLogEntryType eventLogEntryType, Int32 eventId)
         at Microsoft.Extensions.Logging.EventLog.EventLogLogger.Log[TState](LogLevel logLevel, EventId eventId, TState state, Exception exception, Func`3 formatter)
         at Microsoft.Extensions.Logging.Logger.<Log>g__LoggerLog|14_0[TState](LogLevel logLevel, EventId eventId, ILogger logger, Exception exception, Func`3 formatter, List`1& exceptions, TState& state)
         --- End of inner exception stack trace ---
         at Microsoft.Extensions.Logging.Logger.ThrowLoggingError(List`1 exceptions)
         at Microsoft.Extensions.Logging.Logger.Log[TState](LogLevel logLevel, EventId eventId, TState state, Exception exception, Func`3 formatter)
         at Microsoft.Extensions.Logging.Logger`1.Microsoft.Extensions.Logging.ILogger.Log[TState](LogLevel logLevel, EventId eventId, TState state, Exception exception, Func`3 formatter)
         at Microsoft.Extensions.Logging.LoggerMessage.<>c__DisplayClass10_0`1.<Define>g__Log|0(ILogger logger, T1 arg1, Exception exception)
         at Microsoft.AspNetCore.DataProtection.KeyManagement.XmlKeyManager.WriteKeyDeserializationErrorToLog(Exception error, XElement keyElement)
         at Microsoft.AspNetCore.DataProtection.KeyManagement.XmlKeyManager.Microsoft.AspNetCore.DataProtection.KeyManagement.Internal.IInternalXmlKeyManager.DeserializeDescriptorFromKeyElement(XElement keyElement)
         at Microsoft.AspNetCore.DataProtection.KeyManagement.Key.get_Descriptor()
         at Microsoft.AspNetCore.DataProtection.AuthenticatedEncryption.CngGcmAuthenticatedEncryptorFactory.CreateEncryptorInstance(IKey key)
         at Microsoft.AspNetCore.DataProtection.KeyManagement.Key.CreateEncryptor()
         at Microsoft.AspNetCore.DataProtection.KeyManagement.DefaultKeyResolver.CanCreateAuthenticatedEncryptor(IKey key, Int32& retriesRemaining)<---
      
       ---> (Inner Exception #7) System.AggregateException: An error occurred while writing to logger(s). (Cannot open log for source '.NET Runtime'. You may not have write access.)
       ---> System.InvalidOperationException: Cannot open log for source '.NET Runtime'. You may not have write access.
       ---> System.ComponentModel.Win32Exception (5): Access is denied.
         --- End of inner exception stack trace ---
         at System.Diagnostics.EventLogInternal.OpenForWrite(String currentMachineName)
         at System.Diagnostics.EventLogInternal.InternalWriteEvent(UInt32 eventID, UInt16 category, EventLogEntryType type, String[] strings, Byte[] rawData, String currentMachineName)
         at System.Diagnostics.EventLogInternal.WriteEvent(EventInstance instance, Byte[] data, Object[] values)
         at Microsoft.Extensions.Logging.EventLog.WindowsEventLog.WriteEntry(String message, EventLogEntryType type, Int32 eventID, Int16 category)
         at Microsoft.Extensions.Logging.EventLog.EventLogLogger.WriteMessage(String message, EventLogEntryType eventLogEntryType, Int32 eventId)
         at Microsoft.Extensions.Logging.EventLog.EventLogLogger.Log[TState](LogLevel logLevel, EventId eventId, TState state, Exception exception, Func`3 formatter)
         at Microsoft.Extensions.Logging.Logger.<Log>g__LoggerLog|14_0[TState](LogLevel logLevel, EventId eventId, ILogger logger, Exception exception, Func`3 formatter, List`1& exceptions, TState& state)
         --- End of inner exception stack trace ---
         at Microsoft.Extensions.Logging.Logger.ThrowLoggingError(List`1 exceptions)
         at Microsoft.Extensions.Logging.Logger.Log[TState](LogLevel logLevel, EventId eventId, TState state, Exception exception, Func`3 formatter)
         at Microsoft.Extensions.Logging.Logger`1.Microsoft.Extensions.Logging.ILogger.Log[TState](LogLevel logLevel, EventId eventId, TState state, Exception exception, Func`3 formatter)
         at Microsoft.Extensions.Logging.LoggerMessage.<>c__DisplayClass10_0`1.<Define>g__Log|0(ILogger logger, T1 arg1, Exception exception)
         at Microsoft.AspNetCore.DataProtection.KeyManagement.XmlKeyManager.WriteKeyDeserializationErrorToLog(Exception error, XElement keyElement)
         at Microsoft.AspNetCore.DataProtection.KeyManagement.XmlKeyManager.Microsoft.AspNetCore.DataProtection.KeyManagement.Internal.IInternalXmlKeyManager.DeserializeDescriptorFromKeyElement(XElement keyElement)
         at Microsoft.AspNetCore.DataProtection.KeyManagement.Key.get_Descriptor()
         at Microsoft.AspNetCore.DataProtection.AuthenticatedEncryption.CngGcmAuthenticatedEncryptorFactory.CreateEncryptorInstance(IKey key)
         at Microsoft.AspNetCore.DataProtection.KeyManagement.Key.CreateEncryptor()
         at Microsoft.AspNetCore.DataProtection.KeyManagement.DefaultKeyResolver.CanCreateAuthenticatedEncryptor(IKey key, Int32& retriesRemaining)<---
      
       ---> (Inner Exception #8) System.AggregateException: An error occurred while writing to logger(s). (Cannot open log for source '.NET Runtime'. You may not have write access.)
       ---> System.InvalidOperationException: Cannot open log for source '.NET Runtime'. You may not have write access.
       ---> System.ComponentModel.Win32Exception (5): Access is denied.
         --- End of inner exception stack trace ---
         at System.Diagnostics.EventLogInternal.OpenForWrite(String currentMachineName)
         at System.Diagnostics.EventLogInternal.InternalWriteEvent(UInt32 eventID, UInt16 category, EventLogEntryType type, String[] strings, Byte[] rawData, String currentMachineName)
         at System.Diagnostics.EventLogInternal.WriteEvent(EventInstance instance, Byte[] data, Object[] values)
         at Microsoft.Extensions.Logging.EventLog.WindowsEventLog.WriteEntry(String message, EventLogEntryType type, Int32 eventID, Int16 category)
         at Microsoft.Extensions.Logging.EventLog.EventLogLogger.WriteMessage(String message, EventLogEntryType eventLogEntryType, Int32 eventId)
         at Microsoft.Extensions.Logging.EventLog.EventLogLogger.Log[TState](LogLevel logLevel, EventId eventId, TState state, Exception exception, Func`3 formatter)
         at Microsoft.Extensions.Logging.Logger.<Log>g__LoggerLog|14_0[TState](LogLevel logLevel, EventId eventId, ILogger logger, Exception exception, Func`3 formatter, List`1& exceptions, TState& state)
         --- End of inner exception stack trace ---
         at Microsoft.Extensions.Logging.Logger.ThrowLoggingError(List`1 exceptions)
         at Microsoft.Extensions.Logging.Logger.Log[TState](LogLevel logLevel, EventId eventId, TState state, Exception exception, Func`3 formatter)
         at Microsoft.Extensions.Logging.Logger`1.Microsoft.Extensions.Logging.ILogger.Log[TState](LogLevel logLevel, EventId eventId, TState state, Exception exception, Func`3 formatter)
         at Microsoft.Extensions.Logging.LoggerMessage.<>c__DisplayClass10_0`1.<Define>g__Log|0(ILogger logger, T1 arg1, Exception exception)
         at Microsoft.AspNetCore.DataProtection.KeyManagement.XmlKeyManager.WriteKeyDeserializationErrorToLog(Exception error, XElement keyElement)
         at Microsoft.AspNetCore.DataProtection.KeyManagement.XmlKeyManager.Microsoft.AspNetCore.DataProtection.KeyManagement.Internal.IInternalXmlKeyManager.DeserializeDescriptorFromKeyElement(XElement keyElement)
         at Microsoft.AspNetCore.DataProtection.KeyManagement.Key.get_Descriptor()
         at Microsoft.AspNetCore.DataProtection.AuthenticatedEncryption.CngGcmAuthenticatedEncryptorFactory.CreateEncryptorInstance(IKey key)
         at Microsoft.AspNetCore.DataProtection.KeyManagement.Key.CreateEncryptor()
         at Microsoft.AspNetCore.DataProtection.KeyManagement.DefaultKeyResolver.CanCreateAuthenticatedEncryptor(IKey key, Int32& retriesRemaining)<---
      
       ---> (Inner Exception #9) System.AggregateException: An error occurred while writing to logger(s). (Cannot open log for source '.NET Runtime'. You may not have write access.)
       ---> System.InvalidOperationException: Cannot open log for source '.NET Runtime'. You may not have write access.
       ---> System.ComponentModel.Win32Exception (5): Access is denied.
         --- End of inner exception stack trace ---
         at System.Diagnostics.EventLogInternal.OpenForWrite(String currentMachineName)
         at System.Diagnostics.EventLogInternal.InternalWriteEvent(UInt32 eventID, UInt16 category, EventLogEntryType type, String[] strings, Byte[] rawData, String currentMachineName)
         at System.Diagnostics.EventLogInternal.WriteEvent(EventInstance instance, Byte[] data, Object[] values)
         at Microsoft.Extensions.Logging.EventLog.WindowsEventLog.WriteEntry(String message, EventLogEntryType type, Int32 eventID, Int16 category)
         at Microsoft.Extensions.Logging.EventLog.EventLogLogger.WriteMessage(String message, EventLogEntryType eventLogEntryType, Int32 eventId)
         at Microsoft.Extensions.Logging.EventLog.EventLogLogger.Log[TState](LogLevel logLevel, EventId eventId, TState state, Exception exception, Func`3 formatter)
         at Microsoft.Extensions.Logging.Logger.<Log>g__LoggerLog|14_0[TState](LogLevel logLevel, EventId eventId, ILogger logger, Exception exception, Func`3 formatter, List`1& exceptions, TState& state)
         --- End of inner exception stack trace ---
         at Microsoft.Extensions.Logging.Logger.ThrowLoggingError(List`1 exceptions)
         at Microsoft.Extensions.Logging.Logger.Log[TState](LogLevel logLevel, EventId eventId, TState state, Exception exception, Func`3 formatter)
         at Microsoft.Extensions.Logging.Logger`1.Microsoft.Extensions.Logging.ILogger.Log[TState](LogLevel logLevel, EventId eventId, TState state, Exception exception, Func`3 formatter)
         at Microsoft.Extensions.Logging.LoggerMessage.<>c__DisplayClass10_0`1.<Define>g__Log|0(ILogger logger, T1 arg1, Exception exception)
         at Microsoft.AspNetCore.DataProtection.KeyManagement.XmlKeyManager.WriteKeyDeserializationErrorToLog(Exception error, XElement keyElement)
         at Microsoft.AspNetCore.DataProtection.KeyManagement.XmlKeyManager.Microsoft.AspNetCore.DataProtection.KeyManagement.Internal.IInternalXmlKeyManager.DeserializeDescriptorFromKeyElement(XElement keyElement)
         at Microsoft.AspNetCore.DataProtection.KeyManagement.Key.get_Descriptor()
         at Microsoft.AspNetCore.DataProtection.AuthenticatedEncryption.CngGcmAuthenticatedEncryptorFactory.CreateEncryptorInstance(IKey key)
         at Microsoft.AspNetCore.DataProtection.KeyManagement.Key.CreateEncryptor()
         at Microsoft.AspNetCore.DataProtection.KeyManagement.DefaultKeyResolver.CanCreateAuthenticatedEncryptor(IKey key, Int32& retriesRemaining)<---
      
       ---> (Inner Exception #10) System.AggregateException: An error occurred while writing to logger(s). (Cannot open log for source '.NET Runtime'. You may not have write access.)
       ---> System.InvalidOperationException: Cannot open log for source '.NET Runtime'. You may not have write access.
       ---> System.ComponentModel.Win32Exception (5): Access is denied.
         --- End of inner exception stack trace ---
         at System.Diagnostics.EventLogInternal.OpenForWrite(String currentMachineName)
         at System.Diagnostics.EventLogInternal.InternalWriteEvent(UInt32 eventID, UInt16 category, EventLogEntryType type, String[] strings, Byte[] rawData, String currentMachineName)
         at System.Diagnostics.EventLogInternal.WriteEvent(EventInstance instance, Byte[] data, Object[] values)
         at Microsoft.Extensions.Logging.EventLog.WindowsEventLog.WriteEntry(String message, EventLogEntryType type, Int32 eventID, Int16 category)
         at Microsoft.Extensions.Logging.EventLog.EventLogLogger.WriteMessage(String message, EventLogEntryType eventLogEntryType, Int32 eventId)
         at Microsoft.Extensions.Logging.EventLog.EventLogLogger.Log[TState](LogLevel logLevel, EventId eventId, TState state, Exception exception, Func`3 formatter)
         at Microsoft.Extensions.Logging.Logger.<Log>g__LoggerLog|14_0[TState](LogLevel logLevel, EventId eventId, ILogger logger, Exception exception, Func`3 formatter, List`1& exceptions, TState& state)
         --- End of inner exception stack trace ---
         at Microsoft.Extensions.Logging.Logger.ThrowLoggingError(List`1 exceptions)
         at Microsoft.Extensions.Logging.Logger.Log[TState](LogLevel logLevel, EventId eventId, TState state, Exception exception, Func`3 formatter)
         at Microsoft.Extensions.Logging.Logger`1.Microsoft.Extensions.Logging.ILogger.Log[TState](LogLevel logLevel, EventId eventId, TState state, Exception exception, Func`3 formatter)
         at Microsoft.Extensions.Logging.LoggerMessage.<>c__DisplayClass10_0`1.<Define>g__Log|0(ILogger logger, T1 arg1, Exception exception)
         at Microsoft.AspNetCore.DataProtection.KeyManagement.XmlKeyManager.WriteKeyDeserializationErrorToLog(Exception error, XElement keyElement)
         at Microsoft.AspNetCore.DataProtection.KeyManagement.XmlKeyManager.Microsoft.AspNetCore.DataProtection.KeyManagement.Internal.IInternalXmlKeyManager.DeserializeDescriptorFromKeyElement(XElement keyElement)
         at Microsoft.AspNetCore.DataProtection.KeyManagement.Key.get_Descriptor()
         at Microsoft.AspNetCore.DataProtection.AuthenticatedEncryption.CngGcmAuthenticatedEncryptorFactory.CreateEncryptorInstance(IKey key)
         at Microsoft.AspNetCore.DataProtection.KeyManagement.Key.CreateEncryptor()
         at Microsoft.AspNetCore.DataProtection.KeyManagement.DefaultKeyResolver.CanCreateAuthenticatedEncryptor(IKey key, Int32& retriesRemaining)<---
      
fail: Microsoft.AspNetCore.DataProtection.KeyManagement.KeyRingProvider[48]
      An error occurred while reading the key ring.
      System.AggregateException: An error occurred while writing to logger(s). (Cannot open log for source '.NET Runtime'. You may not have write access.)
       ---> System.InvalidOperationException: Cannot open log for source '.NET Runtime'. You may not have write access.
       ---> System.ComponentModel.Win32Exception (5): Access is denied.
         --- End of inner exception stack trace ---
         at System.Diagnostics.EventLogInternal.OpenForWrite(String currentMachineName)
         at System.Diagnostics.EventLogInternal.InternalWriteEvent(UInt32 eventID, UInt16 category, EventLogEntryType type, String[] strings, Byte[] rawData, String currentMachineName)
         at System.Diagnostics.EventLogInternal.WriteEvent(EventInstance instance, Byte[] data, Object[] values)
         at Microsoft.Extensions.Logging.EventLog.WindowsEventLog.WriteEntry(String message, EventLogEntryType type, Int32 eventID, Int16 category)
         at Microsoft.Extensions.Logging.EventLog.EventLogLogger.WriteMessage(String message, EventLogEntryType eventLogEntryType, Int32 eventId)
         at Microsoft.Extensions.Logging.EventLog.EventLogLogger.Log[TState](LogLevel logLevel, EventId eventId, TState state, Exception exception, Func`3 formatter)
         at Microsoft.Extensions.Logging.Logger.<Log>g__LoggerLog|14_0[TState](LogLevel logLevel, EventId eventId, ILogger logger, Exception exception, Func`3 formatter, List`1& exceptions, TState& state)
         --- End of inner exception stack trace ---
         at Microsoft.Extensions.Logging.Logger.ThrowLoggingError(List`1 exceptions)
         at Microsoft.Extensions.Logging.Logger.Log[TState](LogLevel logLevel, EventId eventId, TState state, Exception exception, Func`3 formatter)
         at Microsoft.Extensions.Logging.Logger`1.Microsoft.Extensions.Logging.ILogger.Log[TState](LogLevel logLevel, EventId eventId, TState state, Exception exception, Func`3 formatter)
         at Microsoft.Extensions.Logging.LoggerMessage.<>c__DisplayClass12_0`2.<Define>g__Log|0(ILogger logger, T1 arg1, T2 arg2, Exception exception)
         at Microsoft.Extensions.Logging.LoggingExtensions.KeyIsIneligibleToBeTheDefaultKeyBecauseItsMethodFailed(ILogger logger, Guid keyId, String methodName, Exception exception)
         at Microsoft.AspNetCore.DataProtection.KeyManagement.DefaultKeyResolver.CanCreateAuthenticatedEncryptor(IKey key, Int32& retriesRemaining)
         at Microsoft.AspNetCore.DataProtection.KeyManagement.DefaultKeyResolver.FindDefaultKey(DateTimeOffset now, IEnumerable`1 allKeys, IKey& fallbackKey)
         at Microsoft.AspNetCore.DataProtection.KeyManagement.DefaultKeyResolver.ResolveDefaultKeyPolicy(DateTimeOffset now, IEnumerable`1 allKeys)
         at Microsoft.AspNetCore.DataProtection.KeyManagement.KeyRingProvider.CreateCacheableKeyRingCore(DateTimeOffset now, IKey keyJustAdded)
         at Microsoft.AspNetCore.DataProtection.KeyManagement.KeyRingProvider.<GetCurrentKeyRingCoreNew>b__31_1(Object utcNowState)
         at System.Threading.Tasks.Task`1.InnerInvoke()
         at System.Threading.ExecutionContext.RunFromThreadPoolDispatchLoop(Thread threadPoolThread, ExecutionContext executionContext, ContextCallback callback, Object state)
      --- End of stack trace from previous location ---
         at System.Threading.ExecutionContext.RunFromThreadPoolDispatchLoop(Thread threadPoolThread, ExecutionContext executionContext, ContextCallback callback, Object state)
         at System.Threading.Tasks.Task.ExecuteWithThreadLocal(Task& currentTaskSlot, Thread threadPoolThread)
      --- End of stack trace from previous location ---
         at Microsoft.AspNetCore.DataProtection.KeyManagement.KeyRingProvider.GetKeyRingFromCompletedTaskUnsynchronized(Task`1 task, DateTime utcNow)
info: Microsoft.AspNetCore.DataProtection.Internal.DataProtectionHostedService[66]
      Key ring failed to load during application startup.
      System.AggregateException: An error occurred while writing to logger(s). (Cannot open log for source '.NET Runtime'. You may not have write access.)
       ---> System.InvalidOperationException: Cannot open log for source '.NET Runtime'. You may not have write access.
       ---> System.ComponentModel.Win32Exception (5): Access is denied.
         --- End of inner exception stack trace ---
         at System.Diagnostics.EventLogInternal.OpenForWrite(String currentMachineName)
         at System.Diagnostics.EventLogInternal.InternalWriteEvent(UInt32 eventID, UInt16 category, EventLogEntryType type, String[] strings, Byte[] rawData, String currentMachineName)
         at System.Diagnostics.EventLogInternal.WriteEvent(EventInstance instance, Byte[] data, Object[] values)
         at Microsoft.Extensions.Logging.EventLog.WindowsEventLog.WriteEntry(String message, EventLogEntryType type, Int32 eventID, Int16 category)
         at Microsoft.Extensions.Logging.EventLog.EventLogLogger.WriteMessage(String message, EventLogEntryType eventLogEntryType, Int32 eventId)
         at Microsoft.Extensions.Logging.EventLog.EventLogLogger.Log[TState](LogLevel logLevel, EventId eventId, TState state, Exception exception, Func`3 formatter)
         at Microsoft.Extensions.Logging.Logger.<Log>g__LoggerLog|14_0[TState](LogLevel logLevel, EventId eventId, ILogger logger, Exception exception, Func`3 formatter, List`1& exceptions, TState& state)
         --- End of inner exception stack trace ---
         at Microsoft.Extensions.Logging.Logger.ThrowLoggingError(List`1 exceptions)
         at Microsoft.Extensions.Logging.Logger.Log[TState](LogLevel logLevel, EventId eventId, TState state, Exception exception, Func`3 formatter)
         at Microsoft.Extensions.Logging.Logger`1.Microsoft.Extensions.Logging.ILogger.Log[TState](LogLevel logLevel, EventId eventId, TState state, Exception exception, Func`3 formatter)
         at Microsoft.Extensions.Logging.LoggerMessage.<>c__DisplayClass8_0.<Define>g__Log|0(ILogger logger, Exception exception)
         at Microsoft.AspNetCore.DataProtection.KeyManagement.KeyRingProvider.GetKeyRingFromCompletedTaskUnsynchronized(Task`1 task, DateTime utcNow)
         at Microsoft.AspNetCore.DataProtection.KeyManagement.KeyRingProvider.GetCurrentKeyRingCoreNew(DateTime utcNow, Boolean forceRefresh)
         at Microsoft.AspNetCore.DataProtection.Internal.DataProtectionHostedService.StartAsync(CancellationToken token)
warn: Microsoft.AspNetCore.StaticFiles.StaticFileMiddleware[16]
      The WebRootPath was not found: C:\Proj\auth-log\wwwroot. Static files may be unavailable.
crit: Microsoft.AspNetCore.Hosting.Diagnostics[6]
      Application startup exception
      System.AggregateException: An error occurred while writing to logger(s). (Cannot open log for source '.NET Runtime'. You may not have write access.)
       ---> System.InvalidOperationException: Cannot open log for source '.NET Runtime'. You may not have write access.
       ---> System.ComponentModel.Win32Exception (5): Access is denied.
         --- End of inner exception stack trace ---
         at System.Diagnostics.EventLogInternal.OpenForWrite(String currentMachineName)
         at System.Diagnostics.EventLogInternal.InternalWriteEvent(UInt32 eventID, UInt16 category, EventLogEntryType type, String[] strings, Byte[] rawData, String currentMachineName)
         at System.Diagnostics.EventLogInternal.WriteEvent(EventInstance instance, Byte[] data, Object[] values)
         at Microsoft.Extensions.Logging.EventLog.WindowsEventLog.WriteEntry(String message, EventLogEntryType type, Int32 eventID, Int16 category)
         at Microsoft.Extensions.Logging.EventLog.EventLogLogger.WriteMessage(String message, EventLogEntryType eventLogEntryType, Int32 eventId)
         at Microsoft.Extensions.Logging.EventLog.EventLogLogger.Log[TState](LogLevel logLevel, EventId eventId, TState state, Exception exception, Func`3 formatter)
         at Microsoft.Extensions.Logging.Logger.<Log>g__LoggerLog|14_0[TState](LogLevel logLevel, EventId eventId, ILogger logger, Exception exception, Func`3 formatter, List`1& exceptions, TState& state)
         --- End of inner exception stack trace ---
         at Microsoft.Extensions.Logging.Logger.ThrowLoggingError(List`1 exceptions)
         at Microsoft.Extensions.Logging.Logger.Log[TState](LogLevel logLevel, EventId eventId, TState state, Exception exception, Func`3 formatter)
         at Microsoft.Extensions.Logging.Logger`1.Microsoft.Extensions.Logging.ILogger.Log[TState](LogLevel logLevel, EventId eventId, TState state, Exception exception, Func`3 formatter)
         at Microsoft.Extensions.Logging.LoggerMessage.<>c__DisplayClass10_0`1.<Define>g__Log|0(ILogger logger, T1 arg1, Exception exception)
         at System.RuntimeMethodHandle.InvokeMethod(Object target, Void** arguments, Signature sig, Boolean isConstructor)
         at System.Reflection.ConstructorInvoker.InvokeDirectByRefWithFewArgs(Span`1 copyOfArgs)
         at System.Reflection.ConstructorInvoker.InvokeDirectByRef(Object arg1, Object arg2, Object arg3, Object arg4)
         at System.Reflection.ConstructorInvoker.InvokeImpl(Object arg1, Object arg2, Object arg3, Object arg4)
         at System.Reflection.ConstructorInvoker.Invoke(Span`1 arguments)
         at Microsoft.Extensions.DependencyInjection.ActivatorUtilities.ConstructorMatcher.CreateInstance(IServiceProvider provider)
         at Microsoft.Extensions.DependencyInjection.ActivatorUtilities.CreateInstance(IServiceProvider provider, Type instanceType, Object[] parameters)
         at Microsoft.AspNetCore.Builder.UseMiddlewareExtensions.ReflectionMiddlewareBinder.CreateMiddleware(RequestDelegate next)
         at Microsoft.AspNetCore.Builder.ApplicationBuilder.Build()
         at Microsoft.AspNetCore.Builder.ApplicationBuilder.Build()
         at Microsoft.AspNetCore.Hosting.GenericWebHostService.StartAsync(CancellationToken cancellationToken)
fail: Microsoft.Extensions.Hosting.Internal.Host[11]
      Hosting failed to start
      System.AggregateException: An error occurred while writing to logger(s). (Cannot open log for source '.NET Runtime'. You may not have write access.)
       ---> System.InvalidOperationException: Cannot open log for source '.NET Runtime'. You may not have write access.
       ---> System.ComponentModel.Win32Exception (5): Access is denied.
         --- End of inner exception stack trace ---
         at System.Diagnostics.EventLogInternal.OpenForWrite(String currentMachineName)
         at System.Diagnostics.EventLogInternal.InternalWriteEvent(UInt32 eventID, UInt16 category, EventLogEntryType type, String[] strings, Byte[] rawData, String currentMachineName)
         at System.Diagnostics.EventLogInternal.WriteEvent(EventInstance instance, Byte[] data, Object[] values)
         at Microsoft.Extensions.Logging.EventLog.WindowsEventLog.WriteEntry(String message, EventLogEntryType type, Int32 eventID, Int16 category)
         at Microsoft.Extensions.Logging.EventLog.EventLogLogger.WriteMessage(String message, EventLogEntryType eventLogEntryType, Int32 eventId)
         at Microsoft.Extensions.Logging.EventLog.EventLogLogger.Log[TState](LogLevel logLevel, EventId eventId, TState state, Exception exception, Func`3 formatter)
         at Microsoft.Extensions.Logging.Logger.<Log>g__LoggerLog|14_0[TState](LogLevel logLevel, EventId eventId, ILogger logger, Exception exception, Func`3 formatter, List`1& exceptions, TState& state)
         --- End of inner exception stack trace ---
         at Microsoft.Extensions.Logging.Logger.ThrowLoggingError(List`1 exceptions)
         at Microsoft.Extensions.Logging.Logger.Log[TState](LogLevel logLevel, EventId eventId, TState state, Exception exception, Func`3 formatter)
         at Microsoft.Extensions.Logging.LoggerExtensions.Log(ILogger logger, LogLevel logLevel, EventId eventId, Exception exception, String message, Object[] args)
         at Microsoft.Extensions.Logging.LoggerExtensions.LogCritical(ILogger logger, EventId eventId, Exception exception, String message, Object[] args)
         at Microsoft.AspNetCore.Hosting.HostingLoggerExtensions.ApplicationError(ILogger logger, EventId eventId, String message, Exception exception)
         at Microsoft.AspNetCore.Hosting.HostingLoggerExtensions.ApplicationError(ILogger logger, Exception exception)
         at Microsoft.AspNetCore.Hosting.GenericWebHostService.StartAsync(CancellationToken cancellationToken)
         at Microsoft.Extensions.Hosting.Internal.Host.<StartAsync>b__14_1(IHostedService service, CancellationToken token)
         at Microsoft.Extensions.Hosting.Internal.Host.ForeachService[T](IEnumerable`1 services, CancellationToken token, Boolean concurrent, Boolean abortOnFirstException, List`1 exceptions, Func`3 operation)
